# CP-20 job critic2-static index 83 start 2026-09-24T06:36:36Z
PASS head_is_candidate {"head": "3e9ff8b500c2c655fea810ae11886503927f176c"}
PASS worktree_clean {}
PASS bar_excerpt_verbatim_worktree {"excerpt_lines": 35, "line": 901}
PASS bar_excerpt_verbatim_git_head {}
PASS issued_sha256:capstone_v21.md {}
PASS issued_sha256:docs/track-b/capstone_v21-r3-to-v21-r4-amendments.md {}
PASS issued_sha256:docs/track-b/cp-20-direct-weather-brief.md {}
PASS intake_receipt_present {}
PASS protocol_all_hashes_match_candidate_bytes {"mismatches": {}, "counted": {"implementation_sha256": 26, "frozen_inputs_sha256": 17, "issued_and_inherited_sha256": 41}}
PASS artifact_manifest_hashes_match_candidate_bytes {"entries": 41, "mismatches": {}, "other_keys": {"admission_freeze_commit": "30a958ae2619b4131a61c9e636ee2d9f5d3108a2", "evidence_class": "development_post_selection", "finaliser": "src/cp20/finalise.py (formatting only; added after the pre-fit freeze)", "protocol_freeze_commit": "255ecfba2abc929673ba6b67c3650cb6fa1a4137", "schema": "cp20-artifact-manifest-v1", "weather_design_sha256": "f5a9c6ed7dae18e711017e9f2887e3c72f64c286137bd7cabfb3469cd10274c0"}}
PASS artifact_manifest_covers_tracked_outputs {"unlisted": [], "tracked": 42}
PASS candidate_check_protocol_clean_checkout {}
PASS protocol_committed_once_at_prefit_freeze {"commits": [["255ecfba2abc929673ba6b67c3650cb6fa1a4137", "2026-09-24T08:01:41+03:00"]]}
PASS lineage_commits {"commits": [["2dac186a20622562c2c635d22a79d4b283dfaed1", "2026-09-24T08:50:26+03:00"], ["30a958ae2619b4131a61c9e636ee2d9f5d3108a2", "2026-09-24T08:13:53+03:00"]]}
PASS admission_freeze_stage {}
PASS admission_records_unchanged_after_freeze {}
PASS admission_origins_unchanged_after_freeze {"frozen_origins": 376, "final_origins": 1276}
PASS predictions_and_metrics_single_commit {"predictions": [["2dac186a20622562c2c635d22a79d4b283dfaed1", "2026-09-24T08:50:26+03:00"]], "metrics": [["2dac186a20622562c2c635d22a79d4b283dfaed1", "2026-09-24T08:50:26+03:00"]]}
PASS frozen_inputs_not_recommitted_after_freeze_except_r14 {"changed": {"reports/weather-ablation/prerun-attempts.csv": [["86659265f0686eac61119b836f4ce2cbec98788d", "2026-09-24T09:27:17+03:00"]]}}
PASS r14_prerun_attempts_content_equal_modulo_eol {"freeze_blob_sha": "bef7f523df319428bcb416efef43c2df01a58bbab1efad43f87c83f49b2c2457", "now_sha": "859ba632ce912ed4998869eda5d2d0558633d104d199aff1e4adcf3339d5fb06", "frozen": "859ba632ce912ed4998869eda5d2d0558633d104d199aff1e4adcf3339d5fb06"}
PASS implementation_unchanged_since_freeze_commit {"changed": []}
PASS lineage_protocol_sha_equals_protocol_bytes {}
PASS branch_diff_within_section_15_7_paths {"files": 229, "outside": [], "non_additions": []}
PASS main_is_ancestor {"main": "88c68cf6d8a520374d4b7ec60753a38a7b576544"}
PASS admission_report_files_rehash {"files": 53, "bad": []}
FAIL admission_raw_samples_byte_identity {"samples": 800, "bad": []}
PASS cp16_origins_638 {"per_fold": [127, 127, 127, 130, 127]}
PASS run_manifest_equals_independent_union {"union": 2477, "manifest": 2477}
PASS run_manifest_2476_runs {}
PASS run_is_delivery_minus_one {}
PASS structural_missing_only_2019_01_01 {}
PASS no_pre_2019_runs {}
PASS version_timeline {"bad": [], "counts": {"v14": 163, "v15.1": 649, "v16": 1664}}
PASS eight_added_runs {"added": ["2023-03-24", "2023-03-25", "2023-03-26", "2023-03-27", "2023-03-28", "2023-03-29", "2023-03-30", "2023-03-31"]}
PASS availability_bracketed_all {"bases": {"reconstructed_availability_ncep_48h_products_30day_average": 2476}}
PASS extended_inventory_added_runs_pass {}
PASS messages_123800_unique {}
PASS messages_leads_fields {}
FAIL messages_metadata_all_valid {"problems": {"dataDate": 0, "dataTime": 0, "validityDate": 0, "validityTime": 0, "wind_level": 0, "wind_typeOfLevel": 0, "wind_surface103": 0, "wind_instant": 0, "wind_units": 0, "wind_param": 0, "dswrf_bounds": 0, "dswrf_avg": 0, "dswrf_units": 0, "dswrf_surface": 0, "dswrf_param": 24760, "production_status_operational": 0, "processed_forecast": 0, "process_96": 0, "centre_kwbc": 0, "packing_quantum": 0, "numberOfMissing": 0, "box_nonfinite": 0, "version": 0, "endpoint_is_manifest_primary": 0, "url_pattern": 0, "byte_len": 0}, "shortnames": {"dswrf": ["sdswrf"], "u10": ["10u"], "u100": ["u"], "v10": ["10v"], "v100": ["v"]}, "endpoints": {"aws": 87200, "ncar": 36600}, "hosts": ["noaa-gfs-bd
PASS run_records_complete_and_npz_hashes {"bad_records": [], "bad_npz": [], "runs_csv_mismatch": [], "runs": 2476}
PASS run_record_messages_equal_messages_parquet {"bad": []}
PASS grid_regular_ll_1440x721_all_messages {"bad": []}
PASS retained_raw_messages_sha256_equal_recorded {"files": 1150, "bad": [], "runs": 23, "versions": {"v14": 2, "v15.1": 5, "v16": 16}}
PASS admission_samples_byte_identical_to_cp20_extraction {"rows": 600, "bad": []}
PASS features_cover_every_canonical_hour {"rows": 59446, "expected": 59446}
PASS features_weather_origin_d1_00z_lead_22_46 {"lead_range": [22, 46]}
PASS features_status {"counts": {"ok": 59422, "structural_missing_pre_2019_run": 24}}
PASS dst_days_present {"n23": 8, "n25": 6}
PASS predictions_75229_rows_7x10747 {"counts": {"A1": 10747, "B0": 10747, "B1": 10747, "B2": 10747, "B3": 10747, "H0": 10747, "HG": 10747}}
PASS identical_key_sets_all_policies {}
PASS contrast_rows_21494 {}
PASS fold_counts_peak_fold3 {"fold_counts": [2160, 2159, 2112, 2160, 2156], "peak": 408}
PASS finite_ordered_quantiles {}
PASS emitted_p50_distinct_from_central {"share_p50_ne_central": 1.0}
PASS evidence_class_label {}
PASS H0_bitwise_equal_cp16_V2H {"max_abs": 0.0}
PASS saved_references_bitwise_equal_cp15 {"bad": {}}
PASS H0_HG_same_truth_scale_level {}
PASS HG_central_differs_from_H0 {"share_differs": 0.9995347538848051}
PASS hg_cache_638_entries_one_per_origin {"files": 638}
PASS hg_cache_digests_and_identity {"digest_bad": [], "ident_bad": [], "identity": {"input_fingerprint": "132369044ef45e3af3205de9ee3831a40e579070e7f16a96061d1708dc37a591", "protocol_sha256": "6964223c53a084012c79033a8ffc36106710e122ea7b8800471fab4d462db714", "weather_design_sha256": "f5a9c6ed7dae18e711017e9f2887e3c72f64c286137bd7cabfb3469cd10274c0"}}
PASS hg_cache_blend_equals_emitted_HG_central {"bad": [], "rows_compared": 10747}
PASS ordering_protocol_warmup_admission_freeze_evaluation_comparison {"protocol_commit": 1790226101, "warm": [1790226133.8225868, 1790226763.1292167], "admission_job": [1790226773.381999, 1790226811.1034482], "freeze_commit": 1790226833, "evaluation": [1790226861.916723, 1790228357.159633], "comparison_start": 1790228361.887671, "n_warm": 188, "n_eval": 450}
PASS ledger_caps_equal_section_15_5 {}
PASS ledger_counts_within_caps {"over": {}, "counts": {"analysis_passes": 2, "component_attempts": 1348, "decoded_messages": 125950, "failed_requests": 938, "final_fits": 32312, "inner_fits": 129248, "machine_seconds": 143837.31439520922, "main_component_attempts": 1272, "message_attempts": 7835, "message_tries": 128955, "network_retries": 927, "policy_days": 3231, "prerun_replacement_attempts": 5, "primitive_fits": 161560, "reference_passes": 2, "requests": 216635, "transfer_bytes": 146033509110, "uncounted_message_tries": 1855}, "peaks": {"additional_disk_bytes": 2527355641, "rss_bytes": 3999416320}}
PASS all_jobs_blas_1_workers_le_4 {"jobs": 84, "blas_bad": []}
PASS concurrent_workers_le_4 {"peak_concurrent_workers": 4}
PASS failures_csv_lists_every_failed_ledger_job {"missing": [], "failed": [[3, "gfs-extract", 4, null], [4, "tests-eccodes", 1, null], [6, "tests-eccodes", 4, null], [7, "tests-eccodes", 1, null], [9, "tests-weather", 1, null], [11, "gfs-extract", -9, "monitor_signal_15"], [12, "gfs-extract", -9, "monitor_signal_15"], [16, "gfs-extract", -9, "monitor_signal_15"], [19, "tests-attempts", 1, null], [21, "tests-attempts", 1, null], [23, "gfs-extract", 2, "monitor_signal_15"], [25, "gfs-extract", 2, null], [30, "gfs-extract", 2, null], [33, "gfs-extract", 5, null], [36, "gfs-extract", 2, "monitor_signal_15"], [37, "gfs-extract", 2, "monitor_signal_15"], [50, "controls-supplement", 1, null], [68, "critic-guards", 1, null]]}
PASS snapshot_prefix_of_live_ledger {"snapshot_jobs": 81, "live_jobs": 84, "after_snapshot": [[81, "precheck", 0, 1.1], [82, "precheck-tests", 0, 10.2], [83, "critic2-static", null, 18.3]], "count_deltas": {"machine_seconds": 29.651954208035022}}
FAILED CHECKS: ['admission_raw_samples_byte_identity', 'messages_metadata_all_valid']
