# CP-20 job critic-scoring index 60 start 2026-09-24T06:05:17Z
reserved {'analysis_passes': 2, 'component_attempts': 1312, 'decoded_messages': 125950, 'failed_requests': 938, 'final_fits': 31464, 'inner_fits': 125856, 'machine_seconds': 143291.73105108025, 'main_component_attempts': 1272, 'message_attempts': 6685, 'message_tries': 128955, 'network_retries': 927, 'policy_days': 1937, 'prerun_replacement_attempts': 5, 'primitive_fits': 157320, 'reference_passes': 2, 'requests': 216635, 'transfer_bytes': 146033509110, 'uncounted_message_tries': 1855}
metrics_per_fold_and_pooled {"label": "metrics", "index_equal": true, "rows": 42, "columns_compared": ["n_hours", "n_days", "MAE", "RMSE", "WIS", "mean_pinball_7", "raw_central_MAE", "centering_effect", "bias", "daily_mean_level_MAE", "within_day_shape_MAE", "coverage50", "hit_count50", "lower_miss_count50", "upper_miss_count50", "mean_width50", "median_width50", "p95_width50", "coverage80", "hit_count80", "lower_miss_count80", "upper_miss_count80", "mean_width80", "median_width80", "p95_width80", "coverage95", "hit_count95", "lower_miss_count95", "upper_miss_count95", "mean_width95", "median_width95", "p95_width95", "pooled_ratio_MAE", "pooled_ratio_WIS"], "max_abs_diff": 0.07040697215426306, "worst_column": "daily_mean_level_MAE"}
equal_fold_scores {"B0": {"S_MAE": [1.0, 1.0, 0.0], "S_WIS": [1.0, 1.0, 0.0]}, "B1": {"S_MAE": [1.051845134839199, 1.051845134839199, 0.0], "S_WIS": [0.9856366964174134, 0.9856366964174134, 0.0]}, "B2": {"S_MAE": [0.6578109123747921, 0.6578109123747921, 0.0], "S_WIS": [0.6389910407326589, 0.6389910407326591, 2.220446049250313e-16]}, "B3": {"S_MAE": [0.7841363977682992, 0.7841363977682992, 0.0], "S_WIS": [0.7399052224715813, 0.7399052224715813, 0.0]}, "A1": {"S_MAE": [0.6722908121370033, 0.6722908121370033, 0.0], "S_WIS": [0.646015091607363, 0.646015091607363, 0.0]}, "H0": {"S_MAE": [0.6440721386286878, 0.6440721386286878, 0.0], "S_WIS": [0.6160299894915677, 0.6160299894915677, 0.0]}, "HG": {"S_MAE": [0.5657606376333641, 0.5657606376333641, 0.0], "S_WIS": [0.532218690181866, 0.532218690181866, 0.0]}}
equal_fold_max_abs_diff 2.220446049250313e-16
diagnostics_hour_block_peak_recovery {"label": "diagnostics", "index_equal": true, "rows": 980, "columns_compared": ["n_hours", "n_days", "MAE", "RMSE", "WIS", "mean_pinball_7", "raw_central_MAE", "centering_effect", "bias", "daily_mean_level_MAE", "within_day_shape_MAE", "coverage50", "hit_count50", "lower_miss_count50", "upper_miss_count50", "mean_width50", "median_width50", "p95_width50", "coverage80", "hit_count80", "lower_miss_count80", "upper_miss_count80", "mean_width80", "median_width80", "p95_width80", "coverage95", "hit_count95", "lower_miss_count95", "upper_miss_count95", "mean_width95", "median_width95", "p95_width95"], "max_abs_diff": 0.21200758654270757, "worst_column": "daily_mean_level_MAE"}
support_labels_equal true
support_limited_cells 0
daily_rows {"label": "daily", "index_equal": true, "rows": 3150, "columns_compared": ["n_hours", "MAE", "WIS", "coverage95", "hit_count95", "lower_miss_count95", "upper_miss_count95", "mean_width95"], "max_abs_diff": 5.684341886080802e-14, "worst_column": "WIS"}
criteria {"label": "criteria", "index_equal": true, "rows": 42, "columns_compared": ["actual", "lower_limit", "upper_limit"], "max_abs_diff": 7.105427357601002e-15, "worst_column": "actual"}
criteria_pass_flags_equal true
section8_status {"H0": "not_met", "HG": "met"}
section8_failed {"H0": [1, 2], "HG": []}
bootstrap_index_sha256 {"mine": "e1df9a68dc6715aa2ecd9705ef61f504a3fe109ed917d1151ccbc46ea9e0f99b", "lineage": "e1df9a68dc6715aa2ecd9705ef61f504a3fe109ed917d1151ccbc46ea9e0f99b", "equal": true}
equal_fold_point_vs_S_MAE 0.0
equal_fold_point_vs_S_WIS 1.1102230246251565e-16
uncertainty {"label": "uncertainty", "index_equal": true, "rows": 12, "columns_compared": ["difference", "ci_lower", "ci_upper"], "max_abs_diff": 7.105427357601002e-15, "worst_column": "difference"}
equal_fold_HG_minus_H0 [{"scope": "equal_fold", "metric": "MAE", "difference": -0.07831150099532369, "ci_lower": -0.10059575155295458, "ci_upper": -0.05703087928591252, "undefined": 0}, {"scope": "equal_fold", "metric": "WIS", "difference": -0.08381129930970188, "ci_lower": -0.10438268112867141, "ci_upper": -0.06553984132085941, "undefined": 0}]
joint_rule_mine "observed joint improvement"
joint_rule_theirs {"HG-H0": "observed joint improvement"}
ranking_mine ["HG", "H0"]
per_fold_hg_minus_h0 [{"scope": "fold_1", "metric": "MAE", "difference": -1.0568775077080046, "ci_lower": -1.6765662626114164, "ci_upper": -0.5212095504165768}, {"scope": "fold_1", "metric": "WIS", "difference": -0.6477003323495039, "ci_lower": -1.01275232920474, "ci_upper": -0.35598004229867525}, {"scope": "fold_2", "metric": "MAE", "difference": -1.076266161201147, "ci_lower": -1.996859263806638, "ci_upper": -0.2643651654693269}, {"scope": "fold_2", "metric": "WIS", "difference": -0.8471394585486971, "ci_lower": -1.4318023314496544, "ci_upper": -0.393523717892896}, {"scope": "fold_3", "metric": "MAE", "difference": -3.1782372305718454, "ci_lower": -6.089829306144048, "ci_upper": 0.03687700160989306}, {"scope": "fold_3", "metric": "WIS", "difference": -2.4294440795608345, "ci_lower": -4.023143370614529, "ci_upper": -0.7751608725395348}, {"scope": "fold_4", "metric": "MAE", "difference": -1.4881315027950706,
