# CP-20 job subset-sanity index 17 start 2026-09-23T17:28:41Z
2019-01-01 v14 bounds [(18, 21), (18, 24), (24, 27)] quanta [1.0, 10.0]
2019-03-30 v14 bounds [(18, 21), (18, 24), (24, 27)] quanta [1.0, 10.0]
2019-06-13 v15.1 bounds [(18, 21), (18, 24), (24, 27)] quanta [1.0, 10.0]
2019-10-26 v15.1 bounds [(18, 21), (18, 24), (24, 27)] quanta [1.0, 10.0]
2020-10-24 v15.1 bounds [(18, 21), (18, 24), (24, 27)] quanta [1.0, 10.0]
2021-02-02 v15.1 bounds [(18, 21), (18, 24), (24, 27)] quanta [1.0, 10.0]
2021-03-22 v15.1 bounds [(18, 21), (18, 24), (24, 27)] quanta [1.0, 10.0]
2021-03-23 v16 bounds [(18, 21), (18, 24), (24, 27)] quanta [0.016, 0.02]
version                   v14   v15.1     v16
wx_wind10_mean  count   47.00  122.00   24.00
                mean     5.23    4.14    2.77
                std      1.92    1.18    0.37
                min      2.63    2.34    2.19
                25%      3.63    3.11    2.55
                50%      4.71    4.17    2.68
                75%      7.40    4.95    3.22
                max      8.34    7.44    3.33
wx_wind100_mean count   47.00  122.00   24.00
                mean     8.52    6.79    4.32
                std      3.33    2.08    0.32
                min      4.61    4.08    3.66
                25%      5.35    4.92    4.23
                50%      8.16    6.70    4.46
                75%     11.72    8.08    4.53
                max     13.99   12.67    4.59
wx_dswrf_mean   count   47.00  122.00   24.00
                mean   119.66  118.01  195.09
                std    190.63  184.29  239.47
                min      0.00    0.00    0.00
                25%      0.00    0.00    0.00
                50%     13.96    7.81   68.26
                75%    153.33  154.10  352.50
                max    595.73  729.27  611.44
{'ok': 193} clipped cells 3556 min block -10.0
sample hash comparisons 300 identical 300
                 min    max
version field              
v14     dswrf  1.000  10.00
        u10    0.010   0.01
        u100   0.010   0.01
        v10    0.010   0.01
        v100   0.010   0.01
v15.1   dswrf  1.000  10.00
        u10    0.010   0.01
        u100   0.010   0.10
        v10    0.010   0.01
        v100   0.010   0.10
v16     dswrf  0.016   0.02
        u10    0.010   0.01
        u100   0.010   0.01
        v10    0.010   0.01
        v100   0.010   0.01
