fold_2 2021-03-01 rows=24 evaluation=0 cache=False seconds=19.56
fold_2 2021-03-02 rows=24 evaluation=0 cache=False seconds=20.61
fold_2 2021-03-03 rows=24 evaluation=0 cache=False seconds=19.51
fold_2 2021-03-04 rows=24 evaluation=0 cache=False seconds=18.44
fold_2 2021-03-05 rows=24 evaluation=0 cache=False seconds=19.18
fold_2 2021-03-06 rows=24 evaluation=0 cache=False seconds=18.44
fold_2 2021-03-07 rows=24 evaluation=0 cache=False seconds=17.77
fold_2 2021-03-08 rows=24 evaluation=0 cache=False seconds=19.27
fold_2 2021-03-09 rows=24 evaluation=0 cache=False seconds=19.62
fold_2 2021-03-10 rows=24 evaluation=0 cache=False seconds=19.05
fold_2 2021-03-11 rows=24 evaluation=0 cache=False seconds=18.78
fold_2 2021-03-12 rows=24 evaluation=0 cache=False seconds=18.28
fold_2 2021-03-13 rows=24 evaluation=0 cache=False seconds=18.95
fold_2 2021-03-14 rows=24 evaluation=0 cache=False seconds=20.03
fold_2 2021-03-15 rows=24 evaluation=0 cache=False seconds=20.57
fold_2 2021-03-16 rows=24 evaluation=0 cache=False seconds=19.23
fold_2 2021-03-17 rows=24 evaluation=0 cache=False seconds=19.73
fold_2 2021-03-18 rows=24 evaluation=0 cache=False seconds=20.63
fold_2 2021-03-19 rows=24 evaluation=0 cache=False seconds=19.39
fold_2 2021-03-20 rows=24 evaluation=0 cache=False seconds=20.92
fold_2 2021-03-21 rows=24 evaluation=0 cache=False seconds=20.40
fold_2 2021-03-22 rows=24 evaluation=0 cache=False seconds=19.87
fold_2 2021-03-23 rows=24 evaluation=0 cache=False seconds=19.53
fold_2 2021-03-24 rows=24 evaluation=0 cache=False seconds=19.21
fold_2 2021-03-25 rows=24 evaluation=0 cache=False seconds=20.39
fold_2 2021-03-26 rows=24 evaluation=0 cache=False seconds=19.33
fold_2 2021-03-27 rows=24 evaluation=0 cache=False seconds=20.05
fold_2 2021-03-28 rows=23 evaluation=0 cache=False seconds=20.37
fold_2 2021-03-29 rows=23 evaluation=0 cache=False seconds=18.31
fold_2 2021-03-30 rows=23 evaluation=0 cache=False seconds=18.41
fold_2 2021-03-31 rows=24 evaluation=0 cache=False seconds=18.12
fold_2 2021-04-01 rows=24 evaluation=24 cache=False seconds=19.40
fold_2 2021-04-02 rows=24 evaluation=24 cache=False seconds=22.36
fold_2 2021-04-03 rows=24 evaluation=24 cache=False seconds=23.44
fold_2 2021-04-04 rows=23 evaluation=23 cache=False seconds=21.85
fold_2 2021-04-05 rows=24 evaluation=24 cache=False seconds=22.27
fold_2 2021-04-06 rows=24 evaluation=24 cache=False seconds=25.39
fold_2 2021-04-07 rows=24 evaluation=24 cache=False seconds=22.92
fold_2 2021-04-08 rows=24 evaluation=24 cache=False seconds=22.33
fold_2 2021-04-09 rows=24 evaluation=24 cache=False seconds=22.38
fold_2 2021-04-10 rows=24 evaluation=24 cache=False seconds=22.23
fold_2 2021-04-11 rows=24 evaluation=24 cache=False seconds=22.15
fold_2 2021-04-12 rows=24 evaluation=24 cache=False seconds=22.94
fold_2 2021-04-13 rows=24 evaluation=24 cache=False seconds=21.80
fold_2 2021-04-14 rows=24 evaluation=24 cache=False seconds=22.50
fold_2 2021-04-15 rows=24 evaluation=24 cache=False seconds=23.88
fold_2 2021-04-16 rows=24 evaluation=24 cache=False seconds=24.02
fold_2 2021-04-17 rows=24 evaluation=24 cache=False seconds=25.25
fold_2 2021-04-18 rows=24 evaluation=24 cache=False seconds=27.55
fold_2 2021-04-19 rows=24 evaluation=24 cache=False seconds=24.07
fold_2 2021-04-20 rows=24 evaluation=24 cache=False seconds=22.99
fold_2 2021-04-21 rows=24 evaluation=24 cache=False seconds=23.19
fold_2 2021-04-22 rows=24 evaluation=24 cache=False seconds=23.93
fold_2 2021-04-23 rows=24 evaluation=24 cache=False seconds=22.57
fold_2 2021-04-24 rows=24 evaluation=24 cache=False seconds=22.95
fold_2 2021-04-25 rows=24 evaluation=24 cache=False seconds=22.97
fold_2 2021-04-26 rows=24 evaluation=24 cache=False seconds=22.19
fold_2 2021-04-27 rows=24 evaluation=24 cache=False seconds=24.08
fold_2 2021-04-28 rows=24 evaluation=24 cache=False seconds=24.13
fold_2 2021-04-29 rows=24 evaluation=24 cache=False seconds=22.86
fold_2 2021-04-30 rows=24 evaluation=24 cache=False seconds=23.39
fold_2 2021-05-01 rows=24 evaluation=24 cache=False seconds=23.30
fold_2 2021-05-02 rows=24 evaluation=24 cache=False seconds=22.76
fold_2 2021-05-03 rows=24 evaluation=24 cache=False seconds=22.78
fold_2 2021-05-04 rows=24 evaluation=24 cache=False seconds=23.01
fold_2 2021-05-05 rows=24 evaluation=24 cache=False seconds=22.29
fold_2 2021-05-06 rows=24 evaluation=24 cache=False seconds=20.36
fold_2 2021-05-07 rows=24 evaluation=24 cache=False seconds=20.42
fold_2 2021-05-08 rows=24 evaluation=24 cache=False seconds=22.03
fold_2 2021-05-09 rows=24 evaluation=24 cache=False seconds=23.13
fold_2 2021-05-10 rows=24 evaluation=24 cache=False seconds=22.24
fold_2 2021-05-11 rows=24 evaluation=24 cache=False seconds=22.15
fold_2 2021-05-12 rows=24 evaluation=24 cache=False seconds=22.01
fold_2 2021-05-13 rows=24 evaluation=24 cache=False seconds=23.09
fold_2 2021-05-14 rows=24 evaluation=24 cache=False seconds=22.90
fold_2 2021-05-15 rows=24 evaluation=24 cache=False seconds=22.88
fold_2 2021-05-16 rows=24 evaluation=24 cache=False seconds=22.71
fold_2 2021-05-17 rows=24 evaluation=24 cache=False seconds=22.86
fold_2 2021-05-18 rows=24 evaluation=24 cache=False seconds=22.55
fold_2 2021-05-19 rows=24 evaluation=24 cache=False seconds=21.62
fold_2 2021-05-20 rows=24 evaluation=24 cache=False seconds=22.92
fold_2 2021-05-21 rows=24 evaluation=24 cache=False seconds=22.91
fold_2 2021-05-22 rows=24 evaluation=24 cache=False seconds=22.34
fold_2 2021-05-23 rows=24 evaluation=24 cache=False seconds=23.76
fold_2 2021-05-24 rows=24 evaluation=24 cache=False seconds=22.60
fold_2 2021-05-25 rows=24 evaluation=24 cache=False seconds=22.88
fold_2 2021-05-26 rows=24 evaluation=24 cache=False seconds=23.07
fold_2 2021-05-27 rows=24 evaluation=24 cache=False seconds=23.39
fold_2 2021-05-28 rows=24 evaluation=24 cache=False seconds=23.46
fold_2 2021-05-29 rows=24 evaluation=24 cache=False seconds=23.05
fold_2 2021-05-30 rows=24 evaluation=24 cache=False seconds=23.66
fold_2 2021-05-31 rows=24 evaluation=24 cache=False seconds=23.35
fold_2 2021-06-01 rows=24 evaluation=24 cache=False seconds=24.47
fold_2 2021-06-02 rows=24 evaluation=24 cache=False seconds=23.19
fold_2 2021-06-03 rows=24 evaluation=24 cache=False seconds=21.74
fold_2 2021-06-04 rows=24 evaluation=24 cache=False seconds=21.35
fold_2 2021-06-05 rows=24 evaluation=24 cache=False seconds=19.90
fold_2 2021-06-06 rows=24 evaluation=24 cache=False seconds=21.06
fold_2 2021-06-07 rows=24 evaluation=24 cache=False seconds=20.72
fold_2 2021-06-08 rows=24 evaluation=24 cache=False seconds=20.93
fold_2 2021-06-09 rows=24 evaluation=24 cache=False seconds=21.39
fold_2 2021-06-10 rows=24 evaluation=24 cache=False seconds=19.70
fold_2 2021-06-11 rows=24 evaluation=24 cache=False seconds=19.88
fold_2 2021-06-12 rows=24 evaluation=24 cache=False seconds=20.30
fold_2 2021-06-13 rows=24 evaluation=24 cache=False seconds=19.58
fold_2 2021-06-14 rows=24 evaluation=24 cache=False seconds=19.72
fold_2 2021-06-15 rows=24 evaluation=24 cache=False seconds=19.70
fold_2 2021-06-16 rows=24 evaluation=24 cache=False seconds=19.82
fold_2 2021-06-17 rows=24 evaluation=24 cache=False seconds=19.75
fold_2 2021-06-18 rows=24 evaluation=24 cache=False seconds=19.32
fold_2 2021-06-19 rows=24 evaluation=24 cache=False seconds=19.39
fold_2 2021-06-20 rows=24 evaluation=24 cache=False seconds=18.78
fold_2 2021-06-21 rows=24 evaluation=24 cache=False seconds=18.92
fold_2 2021-06-22 rows=24 evaluation=24 cache=False seconds=18.70
fold_2 2021-06-23 rows=24 evaluation=24 cache=False seconds=19.17
fold_2 2021-06-24 rows=24 evaluation=24 cache=False seconds=23.60
fold_2 2021-06-25 rows=24 evaluation=24 cache=False seconds=23.09
fold_2 2021-06-26 rows=24 evaluation=24 cache=False seconds=20.86
fold_2 2021-06-27 rows=24 evaluation=24 cache=False seconds=20.57
fold_2 2021-06-28 rows=24 evaluation=24 cache=False seconds=19.86
fold_2 2021-06-29 rows=24 evaluation=24 cache=False seconds=20.01
     2614.64 real      2223.03 user       640.42 sys
           645414912  maximum resident set size
                   0  average shared memory size
                   0  average unshared data size
                   0  average unshared stack size
              523659  page reclaims
                  55  page faults
                   0  swaps
                   0  block input operations
                   0  block output operations
                   1  messages sent
                   1  messages received
                   1  signals received
                 154  voluntary context switches
           197403338  involuntary context switches
           170884777  instructions retired
            65004553  cycles elapsed
            13418952  peak memory footprint
