fold_4 2025-03-30 rows=23 evaluation=0 cache=False seconds=21.51
fold_4 2025-03-31 rows=23 evaluation=0 cache=False seconds=20.51
fold_4 2025-04-01 rows=23 evaluation=0 cache=False seconds=21.61
fold_4 2025-04-02 rows=24 evaluation=0 cache=False seconds=22.31
fold_4 2025-04-03 rows=24 evaluation=0 cache=False seconds=22.63
fold_4 2025-04-04 rows=24 evaluation=0 cache=False seconds=22.12
fold_4 2025-04-05 rows=24 evaluation=0 cache=False seconds=21.34
fold_4 2025-04-06 rows=23 evaluation=0 cache=False seconds=21.34
fold_4 2025-04-07 rows=24 evaluation=0 cache=False seconds=20.67
fold_4 2025-04-08 rows=24 evaluation=0 cache=False seconds=20.94
fold_4 2025-04-09 rows=24 evaluation=0 cache=False seconds=20.16
fold_4 2025-04-10 rows=24 evaluation=0 cache=False seconds=20.15
fold_4 2025-04-11 rows=24 evaluation=0 cache=False seconds=20.69
fold_4 2025-04-12 rows=24 evaluation=0 cache=False seconds=20.23
fold_4 2025-04-13 rows=24 evaluation=0 cache=False seconds=20.05
fold_4 2025-04-14 rows=24 evaluation=0 cache=False seconds=19.80
fold_4 2025-04-15 rows=24 evaluation=0 cache=False seconds=20.13
fold_4 2025-04-16 rows=24 evaluation=0 cache=False seconds=21.58
fold_4 2025-04-17 rows=24 evaluation=0 cache=False seconds=22.00
fold_4 2025-04-18 rows=24 evaluation=0 cache=False seconds=21.91
fold_4 2025-04-19 rows=24 evaluation=0 cache=False seconds=21.50
fold_4 2025-04-20 rows=24 evaluation=0 cache=False seconds=19.85
fold_4 2025-04-21 rows=24 evaluation=0 cache=False seconds=20.47
fold_4 2025-04-22 rows=24 evaluation=0 cache=False seconds=22.39
fold_4 2025-04-23 rows=24 evaluation=0 cache=False seconds=21.23
fold_4 2025-04-24 rows=24 evaluation=0 cache=False seconds=20.19
fold_4 2025-04-25 rows=24 evaluation=0 cache=False seconds=21.21
fold_4 2025-04-26 rows=24 evaluation=0 cache=False seconds=21.43
fold_4 2025-04-27 rows=24 evaluation=0 cache=False seconds=21.36
fold_4 2025-04-28 rows=24 evaluation=0 cache=False seconds=22.23
fold_4 2025-04-29 rows=24 evaluation=0 cache=False seconds=22.82
fold_4 2025-04-30 rows=24 evaluation=0 cache=False seconds=21.87
fold_4 2025-05-01 rows=24 evaluation=24 cache=False seconds=21.34
fold_4 2025-05-02 rows=24 evaluation=24 cache=False seconds=22.15
fold_4 2025-05-03 rows=24 evaluation=24 cache=False seconds=21.49
fold_4 2025-05-04 rows=24 evaluation=24 cache=False seconds=22.49
fold_4 2025-05-05 rows=24 evaluation=24 cache=False seconds=23.08
fold_4 2025-05-06 rows=24 evaluation=24 cache=False seconds=21.58
fold_4 2025-05-07 rows=24 evaluation=24 cache=False seconds=22.07
fold_4 2025-05-08 rows=24 evaluation=24 cache=False seconds=21.51
fold_4 2025-05-09 rows=24 evaluation=24 cache=False seconds=21.79
fold_4 2025-05-10 rows=24 evaluation=24 cache=False seconds=23.75
fold_4 2025-05-11 rows=24 evaluation=24 cache=False seconds=23.15
fold_4 2025-05-12 rows=24 evaluation=24 cache=False seconds=22.26
fold_4 2025-05-13 rows=24 evaluation=24 cache=False seconds=22.83
fold_4 2025-05-14 rows=24 evaluation=24 cache=False seconds=22.76
fold_4 2025-05-15 rows=24 evaluation=24 cache=False seconds=24.29
fold_4 2025-05-16 rows=24 evaluation=24 cache=False seconds=24.26
fold_4 2025-05-17 rows=24 evaluation=24 cache=False seconds=24.25
fold_4 2025-05-18 rows=24 evaluation=24 cache=False seconds=24.38
fold_4 2025-05-19 rows=24 evaluation=24 cache=False seconds=23.83
fold_4 2025-05-20 rows=24 evaluation=24 cache=False seconds=23.78
fold_4 2025-05-21 rows=24 evaluation=24 cache=False seconds=23.91
fold_4 2025-05-22 rows=24 evaluation=24 cache=False seconds=23.39
fold_4 2025-05-23 rows=24 evaluation=24 cache=False seconds=23.29
fold_4 2025-05-24 rows=24 evaluation=24 cache=False seconds=23.31
fold_4 2025-05-25 rows=24 evaluation=24 cache=False seconds=22.92
fold_4 2025-05-26 rows=24 evaluation=24 cache=False seconds=23.12
fold_4 2025-05-27 rows=24 evaluation=24 cache=False seconds=22.71
fold_4 2025-05-28 rows=24 evaluation=24 cache=False seconds=22.85
fold_4 2025-05-29 rows=24 evaluation=24 cache=False seconds=22.62
fold_4 2025-05-30 rows=24 evaluation=24 cache=False seconds=22.96
fold_4 2025-05-31 rows=24 evaluation=24 cache=False seconds=22.87
fold_4 2025-06-01 rows=24 evaluation=24 cache=False seconds=23.23
fold_4 2025-06-02 rows=24 evaluation=24 cache=False seconds=23.19
fold_4 2025-06-03 rows=24 evaluation=24 cache=False seconds=25.78
fold_4 2025-06-04 rows=24 evaluation=24 cache=False seconds=26.82
fold_4 2025-06-05 rows=24 evaluation=24 cache=False seconds=27.23
fold_4 2025-06-06 rows=24 evaluation=24 cache=False seconds=25.35
fold_4 2025-06-07 rows=24 evaluation=24 cache=False seconds=24.84
fold_4 2025-06-08 rows=24 evaluation=24 cache=False seconds=23.49
fold_4 2025-06-09 rows=24 evaluation=24 cache=False seconds=23.46
fold_4 2025-06-10 rows=24 evaluation=24 cache=False seconds=22.85
fold_4 2025-06-11 rows=24 evaluation=24 cache=False seconds=22.99
fold_4 2025-06-12 rows=24 evaluation=24 cache=False seconds=22.55
fold_4 2025-06-13 rows=24 evaluation=24 cache=False seconds=22.91
fold_4 2025-06-14 rows=24 evaluation=24 cache=False seconds=22.29
fold_4 2025-06-15 rows=24 evaluation=24 cache=False seconds=21.48
fold_4 2025-06-16 rows=24 evaluation=24 cache=False seconds=22.21
fold_4 2025-06-17 rows=24 evaluation=24 cache=False seconds=22.36
fold_4 2025-06-18 rows=24 evaluation=24 cache=False seconds=23.59
fold_4 2025-06-19 rows=24 evaluation=24 cache=False seconds=22.44
fold_4 2025-06-20 rows=24 evaluation=24 cache=False seconds=21.52
fold_4 2025-06-21 rows=24 evaluation=24 cache=False seconds=22.75
fold_4 2025-06-22 rows=24 evaluation=24 cache=False seconds=22.26
fold_4 2025-06-23 rows=24 evaluation=24 cache=False seconds=24.33
fold_4 2025-06-24 rows=24 evaluation=24 cache=False seconds=23.50
fold_4 2025-06-25 rows=24 evaluation=24 cache=False seconds=23.90
fold_4 2025-06-26 rows=24 evaluation=24 cache=False seconds=23.68
fold_4 2025-06-27 rows=24 evaluation=24 cache=False seconds=23.80
fold_4 2025-06-28 rows=24 evaluation=24 cache=False seconds=23.58
fold_4 2025-06-29 rows=24 evaluation=24 cache=False seconds=23.62
fold_4 2025-06-30 rows=24 evaluation=24 cache=False seconds=21.21
fold_4 2025-07-01 rows=24 evaluation=24 cache=False seconds=19.90
fold_4 2025-07-02 rows=24 evaluation=24 cache=False seconds=18.94
fold_4 2025-07-03 rows=24 evaluation=24 cache=False seconds=20.49
fold_4 2025-07-04 rows=24 evaluation=24 cache=False seconds=20.55
fold_4 2025-07-05 rows=24 evaluation=24 cache=False seconds=21.23
fold_4 2025-07-06 rows=24 evaluation=24 cache=False seconds=20.82
fold_4 2025-07-07 rows=24 evaluation=24 cache=False seconds=20.44
fold_4 2025-07-08 rows=24 evaluation=24 cache=False seconds=19.78
fold_4 2025-07-09 rows=24 evaluation=24 cache=False seconds=19.19
fold_4 2025-07-10 rows=24 evaluation=24 cache=False seconds=20.88
fold_4 2025-07-11 rows=24 evaluation=24 cache=False seconds=22.79
fold_4 2025-07-12 rows=24 evaluation=24 cache=False seconds=21.53
fold_4 2025-07-13 rows=24 evaluation=24 cache=False seconds=20.09
fold_4 2025-07-14 rows=24 evaluation=24 cache=False seconds=19.77
fold_4 2025-07-15 rows=24 evaluation=24 cache=False seconds=19.74
fold_4 2025-07-16 rows=24 evaluation=24 cache=False seconds=19.61
fold_4 2025-07-17 rows=24 evaluation=24 cache=False seconds=19.29
fold_4 2025-07-18 rows=24 evaluation=24 cache=False seconds=19.01
fold_4 2025-07-19 rows=24 evaluation=24 cache=False seconds=19.94
fold_4 2025-07-20 rows=24 evaluation=24 cache=False seconds=19.25
fold_4 2025-07-21 rows=24 evaluation=24 cache=False seconds=19.03
fold_4 2025-07-22 rows=24 evaluation=24 cache=False seconds=19.07
fold_4 2025-07-23 rows=24 evaluation=24 cache=False seconds=18.32
fold_4 2025-07-24 rows=24 evaluation=24 cache=False seconds=18.75
fold_4 2025-07-25 rows=24 evaluation=24 cache=False seconds=18.54
fold_4 2025-07-26 rows=24 evaluation=24 cache=False seconds=19.51
fold_4 2025-07-27 rows=24 evaluation=24 cache=False seconds=18.17
fold_4 2025-07-28 rows=24 evaluation=24 cache=False seconds=18.32
fold_4 2025-07-29 rows=24 evaluation=24 cache=False seconds=18.89
     2685.56 real      2406.24 user       535.17 sys
           682229760  maximum resident set size
                   0  average shared memory size
                   0  average unshared data size
                   0  average unshared stack size
              487651  page reclaims
                  59  page faults
                   0  swaps
                   0  block input operations
                   0  block output operations
                   1  messages sent
                   1  messages received
                   1  signals received
                1868  voluntary context switches
           192555691  involuntary context switches
           174848848  instructions retired
            67107504  cycles elapsed
            13500896  peak memory footprint
