fold_3 2022-06-02 rows=24 evaluation=0 cache=False seconds=20.15
fold_3 2022-06-03 rows=24 evaluation=0 cache=False seconds=19.03
fold_3 2022-06-04 rows=24 evaluation=0 cache=False seconds=18.99
fold_3 2022-06-05 rows=24 evaluation=0 cache=False seconds=21.47
fold_3 2022-06-06 rows=24 evaluation=0 cache=False seconds=21.89
fold_3 2022-06-07 rows=24 evaluation=0 cache=False seconds=19.90
fold_3 2022-06-08 rows=24 evaluation=0 cache=False seconds=20.68
fold_3 2022-06-09 rows=24 evaluation=0 cache=False seconds=20.35
fold_3 2022-06-10 rows=24 evaluation=0 cache=False seconds=21.13
fold_3 2022-06-11 rows=24 evaluation=0 cache=False seconds=17.79
fold_3 2022-06-12 rows=24 evaluation=0 cache=False seconds=19.38
fold_3 2022-06-13 rows=24 evaluation=0 cache=False seconds=19.29
fold_3 2022-06-14 rows=24 evaluation=0 cache=False seconds=19.80
fold_3 2022-06-15 rows=24 evaluation=0 cache=False seconds=20.13
fold_3 2022-06-16 rows=24 evaluation=0 cache=False seconds=19.12
fold_3 2022-06-17 rows=24 evaluation=0 cache=False seconds=20.41
fold_3 2022-06-18 rows=24 evaluation=0 cache=False seconds=20.76
fold_3 2022-06-19 rows=24 evaluation=0 cache=False seconds=19.39
fold_3 2022-06-20 rows=24 evaluation=0 cache=False seconds=20.55
fold_3 2022-06-21 rows=24 evaluation=0 cache=False seconds=20.91
fold_3 2022-06-22 rows=24 evaluation=0 cache=False seconds=21.27
fold_3 2022-06-23 rows=24 evaluation=0 cache=False seconds=19.65
fold_3 2022-06-24 rows=24 evaluation=0 cache=False seconds=17.91
fold_3 2022-06-25 rows=24 evaluation=0 cache=False seconds=17.83
fold_3 2022-06-26 rows=24 evaluation=0 cache=False seconds=18.45
fold_3 2022-06-27 rows=24 evaluation=0 cache=False seconds=18.11
fold_3 2022-06-28 rows=24 evaluation=0 cache=False seconds=17.54
fold_3 2022-06-29 rows=24 evaluation=0 cache=False seconds=17.84
fold_3 2022-06-30 rows=24 evaluation=0 cache=False seconds=18.33
fold_3 2022-07-01 rows=24 evaluation=24 cache=False seconds=18.68
fold_3 2022-07-02 rows=24 evaluation=24 cache=False seconds=18.14
fold_3 2022-07-03 rows=24 evaluation=24 cache=False seconds=17.95
fold_3 2022-07-04 rows=24 evaluation=24 cache=False seconds=19.69
fold_3 2022-07-05 rows=24 evaluation=24 cache=False seconds=17.74
fold_3 2022-07-06 rows=24 evaluation=24 cache=False seconds=17.48
fold_3 2022-07-07 rows=24 evaluation=24 cache=False seconds=17.34
fold_3 2022-07-08 rows=24 evaluation=24 cache=False seconds=19.30
fold_3 2022-07-09 rows=24 evaluation=24 cache=False seconds=18.34
fold_3 2022-07-10 rows=24 evaluation=24 cache=False seconds=17.89
fold_3 2022-07-11 rows=24 evaluation=24 cache=False seconds=18.16
fold_3 2022-07-12 rows=24 evaluation=24 cache=False seconds=19.64
fold_3 2022-07-13 rows=24 evaluation=24 cache=False seconds=19.52
fold_3 2022-07-14 rows=24 evaluation=24 cache=False seconds=18.75
fold_3 2022-07-15 rows=24 evaluation=24 cache=False seconds=19.42
fold_3 2022-07-16 rows=24 evaluation=24 cache=False seconds=20.44
fold_3 2022-07-17 rows=24 evaluation=24 cache=False seconds=20.28
fold_3 2022-07-18 rows=24 evaluation=24 cache=False seconds=19.14
fold_3 2022-07-19 rows=24 evaluation=24 cache=False seconds=20.54
fold_3 2022-07-20 rows=0 evaluation=0 cache=False seconds=0.01
fold_3 2022-07-21 rows=0 evaluation=0 cache=False seconds=0.01
fold_3 2022-07-22 rows=24 evaluation=24 cache=False seconds=20.46
fold_3 2022-07-23 rows=24 evaluation=24 cache=False seconds=19.73
fold_3 2022-07-24 rows=24 evaluation=24 cache=False seconds=20.48
fold_3 2022-07-25 rows=24 evaluation=24 cache=False seconds=20.00
fold_3 2022-07-26 rows=24 evaluation=24 cache=False seconds=19.90
fold_3 2022-07-27 rows=24 evaluation=24 cache=False seconds=20.82
fold_3 2022-07-28 rows=24 evaluation=24 cache=False seconds=20.87
fold_3 2022-07-29 rows=24 evaluation=24 cache=False seconds=20.90
fold_3 2022-07-30 rows=24 evaluation=24 cache=False seconds=21.39
fold_3 2022-07-31 rows=24 evaluation=24 cache=False seconds=20.83
fold_3 2022-08-01 rows=24 evaluation=24 cache=False seconds=20.50
fold_3 2022-08-02 rows=24 evaluation=24 cache=False seconds=21.26
fold_3 2022-08-03 rows=24 evaluation=24 cache=False seconds=21.27
fold_3 2022-08-04 rows=24 evaluation=24 cache=False seconds=21.66
fold_3 2022-08-05 rows=24 evaluation=24 cache=False seconds=22.52
fold_3 2022-08-06 rows=24 evaluation=24 cache=False seconds=23.05
fold_3 2022-08-07 rows=24 evaluation=24 cache=False seconds=24.27
fold_3 2022-08-08 rows=24 evaluation=24 cache=False seconds=25.11
fold_3 2022-08-09 rows=24 evaluation=24 cache=False seconds=24.84
fold_3 2022-08-10 rows=24 evaluation=24 cache=False seconds=24.26
fold_3 2022-08-11 rows=24 evaluation=24 cache=False seconds=24.04
fold_3 2022-08-12 rows=24 evaluation=24 cache=False seconds=24.36
fold_3 2022-08-13 rows=24 evaluation=24 cache=False seconds=24.13
fold_3 2022-08-14 rows=24 evaluation=24 cache=False seconds=23.16
fold_3 2022-08-15 rows=24 evaluation=24 cache=False seconds=23.96
fold_3 2022-08-16 rows=24 evaluation=24 cache=False seconds=24.04
fold_3 2022-08-17 rows=24 evaluation=24 cache=False seconds=23.21
fold_3 2022-08-18 rows=24 evaluation=24 cache=False seconds=22.63
fold_3 2022-08-19 rows=24 evaluation=24 cache=False seconds=22.11
fold_3 2022-08-20 rows=24 evaluation=24 cache=False seconds=24.92
fold_3 2022-08-21 rows=24 evaluation=24 cache=False seconds=25.31
fold_3 2022-08-22 rows=24 evaluation=24 cache=False seconds=25.10
fold_3 2022-08-23 rows=24 evaluation=24 cache=False seconds=25.49
fold_3 2022-08-24 rows=24 evaluation=24 cache=False seconds=25.48
fold_3 2022-08-25 rows=24 evaluation=24 cache=False seconds=25.49
fold_3 2022-08-26 rows=24 evaluation=24 cache=False seconds=24.72
fold_3 2022-08-27 rows=24 evaluation=24 cache=False seconds=24.23
fold_3 2022-08-28 rows=24 evaluation=24 cache=False seconds=23.18
fold_3 2022-08-29 rows=24 evaluation=24 cache=False seconds=23.93
fold_3 2022-08-30 rows=24 evaluation=24 cache=False seconds=24.11
fold_3 2022-08-31 rows=24 evaluation=24 cache=False seconds=25.53
fold_3 2022-09-01 rows=24 evaluation=24 cache=False seconds=24.55
fold_3 2022-09-02 rows=24 evaluation=24 cache=False seconds=26.05
fold_3 2022-09-03 rows=24 evaluation=24 cache=False seconds=23.95
fold_3 2022-09-04 rows=24 evaluation=24 cache=False seconds=22.58
fold_3 2022-09-05 rows=24 evaluation=24 cache=False seconds=21.87
fold_3 2022-09-06 rows=24 evaluation=24 cache=False seconds=22.31
fold_3 2022-09-07 rows=24 evaluation=24 cache=False seconds=21.56
fold_3 2022-09-08 rows=24 evaluation=24 cache=False seconds=22.15
fold_3 2022-09-09 rows=24 evaluation=24 cache=False seconds=20.71
fold_3 2022-09-10 rows=24 evaluation=24 cache=False seconds=21.42
fold_3 2022-09-11 rows=24 evaluation=24 cache=False seconds=20.98
fold_3 2022-09-12 rows=24 evaluation=24 cache=False seconds=20.67
fold_3 2022-09-13 rows=24 evaluation=24 cache=False seconds=19.33
fold_3 2022-09-14 rows=24 evaluation=24 cache=False seconds=19.99
fold_3 2022-09-15 rows=24 evaluation=24 cache=False seconds=20.44
fold_3 2022-09-16 rows=24 evaluation=24 cache=False seconds=19.99
fold_3 2022-09-17 rows=24 evaluation=24 cache=False seconds=20.01
fold_3 2022-09-18 rows=24 evaluation=24 cache=False seconds=21.36
fold_3 2022-09-19 rows=24 evaluation=24 cache=False seconds=21.03
fold_3 2022-09-20 rows=24 evaluation=24 cache=False seconds=20.12
fold_3 2022-09-21 rows=24 evaluation=24 cache=False seconds=20.01
fold_3 2022-09-22 rows=24 evaluation=24 cache=False seconds=19.86
fold_3 2022-09-23 rows=24 evaluation=24 cache=False seconds=20.98
fold_3 2022-09-24 rows=24 evaluation=24 cache=False seconds=19.99
fold_3 2022-09-25 rows=24 evaluation=24 cache=False seconds=19.96
fold_3 2022-09-26 rows=24 evaluation=24 cache=False seconds=19.58
fold_3 2022-09-27 rows=24 evaluation=24 cache=False seconds=19.12
fold_3 2022-09-28 rows=24 evaluation=24 cache=False seconds=18.78
     2481.44 real      2202.94 user       515.59 sys
           598622208  maximum resident set size
                   0  average shared memory size
                   0  average unshared data size
                   0  average unshared stack size
              493297  page reclaims
                 538  page faults
                   0  swaps
                   0  block input operations
                   0  block output operations
                   1  messages sent
                   1  messages received
                   1  signals received
                3110  voluntary context switches
           185279179  involuntary context switches
           179215613  instructions retired
            74730949  cycles elapsed
            13435360  peak memory footprint
