fold_5 2025-12-10 rows=24 evaluation=0 cache=False seconds=22.34
fold_5 2025-12-11 rows=24 evaluation=0 cache=False seconds=25.52
fold_5 2025-12-12 rows=24 evaluation=0 cache=False seconds=24.23
fold_5 2025-12-13 rows=24 evaluation=0 cache=False seconds=21.69
fold_5 2025-12-14 rows=24 evaluation=0 cache=False seconds=22.25
fold_5 2025-12-15 rows=24 evaluation=0 cache=False seconds=22.63
fold_5 2025-12-16 rows=24 evaluation=0 cache=False seconds=21.77
fold_5 2025-12-17 rows=24 evaluation=0 cache=False seconds=22.23
fold_5 2025-12-18 rows=24 evaluation=0 cache=False seconds=24.75
fold_5 2025-12-19 rows=24 evaluation=0 cache=False seconds=22.09
fold_5 2025-12-20 rows=24 evaluation=0 cache=False seconds=22.38
fold_5 2025-12-21 rows=24 evaluation=0 cache=False seconds=22.07
fold_5 2025-12-22 rows=24 evaluation=0 cache=False seconds=21.50
fold_5 2025-12-23 rows=24 evaluation=0 cache=False seconds=22.16
fold_5 2025-12-24 rows=24 evaluation=0 cache=False seconds=21.49
fold_5 2025-12-25 rows=24 evaluation=0 cache=False seconds=20.21
fold_5 2025-12-26 rows=24 evaluation=0 cache=False seconds=21.68
fold_5 2025-12-27 rows=24 evaluation=0 cache=False seconds=22.06
fold_5 2025-12-28 rows=24 evaluation=0 cache=False seconds=23.30
fold_5 2025-12-29 rows=24 evaluation=0 cache=False seconds=23.53
fold_5 2025-12-30 rows=24 evaluation=0 cache=False seconds=21.70
fold_5 2025-12-31 rows=24 evaluation=0 cache=False seconds=20.38
fold_5 2026-01-01 rows=24 evaluation=0 cache=False seconds=20.41
fold_5 2026-01-02 rows=24 evaluation=0 cache=False seconds=20.42
fold_5 2026-01-03 rows=24 evaluation=0 cache=False seconds=19.56
fold_5 2026-01-04 rows=24 evaluation=0 cache=False seconds=19.46
fold_5 2026-01-05 rows=24 evaluation=0 cache=False seconds=20.55
fold_5 2026-01-06 rows=24 evaluation=0 cache=False seconds=19.68
fold_5 2026-01-07 rows=24 evaluation=0 cache=False seconds=20.26
fold_5 2026-01-08 rows=24 evaluation=24 cache=False seconds=20.49
fold_5 2026-01-09 rows=24 evaluation=24 cache=False seconds=20.67
fold_5 2026-01-10 rows=24 evaluation=24 cache=False seconds=21.61
fold_5 2026-01-11 rows=24 evaluation=24 cache=False seconds=21.52
fold_5 2026-01-12 rows=24 evaluation=24 cache=False seconds=21.48
fold_5 2026-01-13 rows=24 evaluation=24 cache=False seconds=22.84
fold_5 2026-01-14 rows=24 evaluation=24 cache=False seconds=21.10
fold_5 2026-01-15 rows=24 evaluation=24 cache=False seconds=21.27
fold_5 2026-01-16 rows=24 evaluation=24 cache=False seconds=20.45
fold_5 2026-01-17 rows=24 evaluation=24 cache=False seconds=20.64
fold_5 2026-01-18 rows=24 evaluation=24 cache=False seconds=20.75
fold_5 2026-01-19 rows=24 evaluation=24 cache=False seconds=20.76
fold_5 2026-01-20 rows=24 evaluation=24 cache=False seconds=22.09
fold_5 2026-01-21 rows=24 evaluation=24 cache=False seconds=21.38
fold_5 2026-01-22 rows=24 evaluation=24 cache=False seconds=21.90
fold_5 2026-01-23 rows=24 evaluation=24 cache=False seconds=21.68
fold_5 2026-01-24 rows=24 evaluation=24 cache=False seconds=22.74
fold_5 2026-01-25 rows=24 evaluation=24 cache=False seconds=22.43
fold_5 2026-01-26 rows=24 evaluation=24 cache=False seconds=20.73
fold_5 2026-01-27 rows=24 evaluation=24 cache=False seconds=21.30
fold_5 2026-01-28 rows=24 evaluation=24 cache=False seconds=21.15
fold_5 2026-01-29 rows=24 evaluation=24 cache=False seconds=20.32
fold_5 2026-01-30 rows=24 evaluation=24 cache=False seconds=21.06
fold_5 2026-01-31 rows=24 evaluation=24 cache=False seconds=21.83
fold_5 2026-02-01 rows=24 evaluation=24 cache=False seconds=21.87
fold_5 2026-02-02 rows=24 evaluation=24 cache=False seconds=21.19
fold_5 2026-02-03 rows=24 evaluation=24 cache=False seconds=21.26
fold_5 2026-02-04 rows=24 evaluation=24 cache=False seconds=21.24
fold_5 2026-02-05 rows=24 evaluation=24 cache=False seconds=21.44
fold_5 2026-02-06 rows=24 evaluation=24 cache=False seconds=21.49
fold_5 2026-02-07 rows=24 evaluation=24 cache=False seconds=20.98
fold_5 2026-02-08 rows=24 evaluation=24 cache=False seconds=21.13
fold_5 2026-02-09 rows=24 evaluation=24 cache=False seconds=20.91
fold_5 2026-02-10 rows=24 evaluation=24 cache=False seconds=20.20
fold_5 2026-02-11 rows=24 evaluation=24 cache=False seconds=20.49
fold_5 2026-02-12 rows=24 evaluation=24 cache=False seconds=20.72
fold_5 2026-02-13 rows=24 evaluation=24 cache=False seconds=20.79
fold_5 2026-02-14 rows=24 evaluation=24 cache=False seconds=20.49
fold_5 2026-02-15 rows=24 evaluation=24 cache=False seconds=20.05
fold_5 2026-02-16 rows=24 evaluation=24 cache=False seconds=20.51
fold_5 2026-02-17 rows=24 evaluation=24 cache=False seconds=20.52
fold_5 2026-02-18 rows=24 evaluation=24 cache=False seconds=20.84
fold_5 2026-02-19 rows=24 evaluation=24 cache=False seconds=20.86
fold_5 2026-02-20 rows=24 evaluation=24 cache=False seconds=21.62
fold_5 2026-02-21 rows=24 evaluation=24 cache=False seconds=20.13
fold_5 2026-02-22 rows=24 evaluation=24 cache=False seconds=20.56
fold_5 2026-02-23 rows=24 evaluation=24 cache=False seconds=20.96
fold_5 2026-02-24 rows=24 evaluation=24 cache=False seconds=21.04
fold_5 2026-02-25 rows=24 evaluation=24 cache=False seconds=21.39
fold_5 2026-02-26 rows=24 evaluation=24 cache=False seconds=21.45
fold_5 2026-02-27 rows=24 evaluation=24 cache=False seconds=21.03
fold_5 2026-02-28 rows=24 evaluation=24 cache=False seconds=21.33
fold_5 2026-03-01 rows=24 evaluation=24 cache=False seconds=21.69
fold_5 2026-03-02 rows=24 evaluation=24 cache=False seconds=21.88
fold_5 2026-03-03 rows=24 evaluation=24 cache=False seconds=21.37
fold_5 2026-03-04 rows=24 evaluation=24 cache=False seconds=21.51
fold_5 2026-03-05 rows=24 evaluation=24 cache=False seconds=21.87
fold_5 2026-03-06 rows=24 evaluation=24 cache=False seconds=22.08
fold_5 2026-03-07 rows=24 evaluation=24 cache=False seconds=21.87
fold_5 2026-03-08 rows=24 evaluation=24 cache=False seconds=21.84
fold_5 2026-03-09 rows=24 evaluation=24 cache=False seconds=21.59
fold_5 2026-03-10 rows=24 evaluation=24 cache=False seconds=22.20
fold_5 2026-03-11 rows=24 evaluation=24 cache=False seconds=22.72
fold_5 2026-03-12 rows=24 evaluation=24 cache=False seconds=21.29
fold_5 2026-03-13 rows=24 evaluation=24 cache=False seconds=21.38
fold_5 2026-03-14 rows=24 evaluation=24 cache=False seconds=21.14
fold_5 2026-03-15 rows=24 evaluation=24 cache=False seconds=21.14
fold_5 2026-03-16 rows=24 evaluation=24 cache=False seconds=21.15
fold_5 2026-03-17 rows=24 evaluation=24 cache=False seconds=22.75
fold_5 2026-03-18 rows=24 evaluation=24 cache=False seconds=21.67
fold_5 2026-03-19 rows=24 evaluation=24 cache=False seconds=22.46
fold_5 2026-03-20 rows=24 evaluation=24 cache=False seconds=22.18
fold_5 2026-03-21 rows=24 evaluation=24 cache=False seconds=21.71
fold_5 2026-03-22 rows=24 evaluation=24 cache=False seconds=21.32
fold_5 2026-03-23 rows=24 evaluation=24 cache=False seconds=22.05
fold_5 2026-03-24 rows=24 evaluation=24 cache=False seconds=21.82
fold_5 2026-03-25 rows=24 evaluation=24 cache=False seconds=21.76
fold_5 2026-03-26 rows=24 evaluation=24 cache=False seconds=21.62
fold_5 2026-03-27 rows=24 evaluation=24 cache=False seconds=21.90
fold_5 2026-03-28 rows=24 evaluation=24 cache=False seconds=20.73
fold_5 2026-03-29 rows=23 evaluation=23 cache=False seconds=21.07
fold_5 2026-03-30 rows=23 evaluation=23 cache=False seconds=21.60
fold_5 2026-03-31 rows=23 evaluation=23 cache=False seconds=20.68
fold_5 2026-04-01 rows=24 evaluation=24 cache=False seconds=20.45
fold_5 2026-04-02 rows=24 evaluation=24 cache=False seconds=20.12
fold_5 2026-04-03 rows=24 evaluation=24 cache=False seconds=20.14
fold_5 2026-04-04 rows=24 evaluation=24 cache=False seconds=21.46
fold_5 2026-04-05 rows=23 evaluation=23 cache=False seconds=22.03
fold_5 2026-04-06 rows=24 evaluation=24 cache=False seconds=21.38
fold_5 2026-04-07 rows=24 evaluation=24 cache=False seconds=21.70
     2571.71 real      2426.33 user       384.96 sys
           683016192  maximum resident set size
                   0  average shared memory size
                   0  average unshared data size
                   0  average unshared stack size
              439800  page reclaims
                2829  page faults
                   0  swaps
                   0  block input operations
                   0  block output operations
                   1  messages sent
                   1  messages received
                   1  signals received
                3105  voluntary context switches
           174354306  involuntary context switches
           179937622  instructions retired
            71553725  cycles elapsed
            13418952  peak memory footprint
