fold_1 2020-06-02 rows=24 evaluation=0 cache=False seconds=17.13
fold_1 2020-06-03 rows=24 evaluation=0 cache=False seconds=17.13
fold_1 2020-06-04 rows=24 evaluation=0 cache=False seconds=17.30
fold_1 2020-06-05 rows=24 evaluation=0 cache=True seconds=0.01
fold_1 2020-06-06 rows=24 evaluation=0 cache=False seconds=16.08
fold_1 2020-06-07 rows=24 evaluation=0 cache=False seconds=15.15
fold_1 2020-06-08 rows=24 evaluation=0 cache=False seconds=15.71
fold_1 2020-06-09 rows=24 evaluation=0 cache=False seconds=16.24
fold_1 2020-06-10 rows=24 evaluation=0 cache=False seconds=15.16
fold_1 2020-06-11 rows=24 evaluation=0 cache=False seconds=15.40
fold_1 2020-06-12 rows=24 evaluation=0 cache=False seconds=16.93
fold_1 2020-06-13 rows=24 evaluation=0 cache=False seconds=15.51
fold_1 2020-06-14 rows=24 evaluation=0 cache=False seconds=15.32
fold_1 2020-06-15 rows=24 evaluation=0 cache=False seconds=15.43
fold_1 2020-06-16 rows=24 evaluation=0 cache=False seconds=15.08
fold_1 2020-06-17 rows=24 evaluation=0 cache=False seconds=15.08
fold_1 2020-06-18 rows=24 evaluation=0 cache=False seconds=14.05
fold_1 2020-06-19 rows=24 evaluation=0 cache=False seconds=14.92
fold_1 2020-06-20 rows=24 evaluation=0 cache=False seconds=14.21
fold_1 2020-06-21 rows=24 evaluation=0 cache=False seconds=14.85
fold_1 2020-06-22 rows=24 evaluation=0 cache=False seconds=13.91
fold_1 2020-06-23 rows=24 evaluation=0 cache=False seconds=14.90
fold_1 2020-06-24 rows=24 evaluation=0 cache=False seconds=14.32
fold_1 2020-06-25 rows=24 evaluation=0 cache=False seconds=15.04
fold_1 2020-06-26 rows=24 evaluation=0 cache=False seconds=15.19
fold_1 2020-06-27 rows=24 evaluation=0 cache=False seconds=15.96
fold_1 2020-06-28 rows=24 evaluation=0 cache=False seconds=15.37
fold_1 2020-06-29 rows=24 evaluation=0 cache=False seconds=16.31
fold_1 2020-06-30 rows=24 evaluation=0 cache=False seconds=16.02
fold_1 2020-07-01 rows=24 evaluation=24 cache=False seconds=15.25
fold_1 2020-07-02 rows=24 evaluation=24 cache=False seconds=15.02
fold_1 2020-07-03 rows=24 evaluation=24 cache=False seconds=14.97
fold_1 2020-07-04 rows=24 evaluation=24 cache=False seconds=14.94
fold_1 2020-07-05 rows=24 evaluation=24 cache=False seconds=15.05
fold_1 2020-07-06 rows=24 evaluation=24 cache=False seconds=15.31
fold_1 2020-07-07 rows=24 evaluation=24 cache=False seconds=15.67
fold_1 2020-07-08 rows=24 evaluation=24 cache=False seconds=16.10
fold_1 2020-07-09 rows=24 evaluation=24 cache=False seconds=15.25
fold_1 2020-07-10 rows=24 evaluation=24 cache=False seconds=15.55
fold_1 2020-07-11 rows=24 evaluation=24 cache=False seconds=15.45
fold_1 2020-07-12 rows=24 evaluation=24 cache=False seconds=16.44
fold_1 2020-07-13 rows=24 evaluation=24 cache=False seconds=18.23
fold_1 2020-07-14 rows=24 evaluation=24 cache=False seconds=19.70
fold_1 2020-07-15 rows=24 evaluation=24 cache=False seconds=19.37
fold_1 2020-07-16 rows=24 evaluation=24 cache=False seconds=18.93
fold_1 2020-07-17 rows=24 evaluation=24 cache=False seconds=19.16
fold_1 2020-07-18 rows=24 evaluation=24 cache=False seconds=21.48
fold_1 2020-07-19 rows=24 evaluation=24 cache=False seconds=19.31
fold_1 2020-07-20 rows=24 evaluation=24 cache=False seconds=19.72
fold_1 2020-07-21 rows=24 evaluation=24 cache=False seconds=20.19
fold_1 2020-07-22 rows=24 evaluation=24 cache=False seconds=20.25
fold_1 2020-07-23 rows=24 evaluation=24 cache=False seconds=20.82
fold_1 2020-07-24 rows=24 evaluation=24 cache=False seconds=25.10
fold_1 2020-07-25 rows=24 evaluation=24 cache=False seconds=26.19
fold_1 2020-07-26 rows=24 evaluation=24 cache=False seconds=24.88
fold_1 2020-07-27 rows=24 evaluation=24 cache=False seconds=26.07
fold_1 2020-07-28 rows=24 evaluation=24 cache=False seconds=25.00
fold_1 2020-07-29 rows=24 evaluation=24 cache=False seconds=25.83
fold_1 2020-07-30 rows=24 evaluation=24 cache=False seconds=28.64
fold_1 2020-07-31 rows=24 evaluation=24 cache=False seconds=25.02
fold_1 2020-08-01 rows=24 evaluation=24 cache=False seconds=23.68
fold_1 2020-08-02 rows=24 evaluation=24 cache=False seconds=23.86
fold_1 2020-08-03 rows=24 evaluation=24 cache=False seconds=23.75
fold_1 2020-08-04 rows=24 evaluation=24 cache=False seconds=24.09
fold_1 2020-08-05 rows=24 evaluation=24 cache=False seconds=25.58
fold_1 2020-08-06 rows=24 evaluation=24 cache=False seconds=23.61
fold_1 2020-08-07 rows=24 evaluation=24 cache=False seconds=24.50
fold_1 2020-08-08 rows=24 evaluation=24 cache=False seconds=24.23
fold_1 2020-08-09 rows=24 evaluation=24 cache=False seconds=22.27
fold_1 2020-08-10 rows=24 evaluation=24 cache=False seconds=23.90
fold_1 2020-08-11 rows=24 evaluation=24 cache=False seconds=22.79
fold_1 2020-08-12 rows=24 evaluation=24 cache=False seconds=22.93
fold_1 2020-08-13 rows=24 evaluation=24 cache=False seconds=22.62
fold_1 2020-08-14 rows=24 evaluation=24 cache=False seconds=23.70
fold_1 2020-08-15 rows=24 evaluation=24 cache=False seconds=24.84
fold_1 2020-08-16 rows=24 evaluation=24 cache=False seconds=23.71
fold_1 2020-08-17 rows=24 evaluation=24 cache=False seconds=22.38
fold_1 2020-08-18 rows=24 evaluation=24 cache=False seconds=22.62
fold_1 2020-08-19 rows=24 evaluation=24 cache=False seconds=23.04
fold_1 2020-08-20 rows=24 evaluation=24 cache=False seconds=23.76
fold_1 2020-08-21 rows=24 evaluation=24 cache=False seconds=22.72
fold_1 2020-08-22 rows=24 evaluation=24 cache=False seconds=25.76
fold_1 2020-08-23 rows=24 evaluation=24 cache=False seconds=25.41
fold_1 2020-08-24 rows=24 evaluation=24 cache=False seconds=24.22
fold_1 2020-08-25 rows=24 evaluation=24 cache=False seconds=22.06
fold_1 2020-08-26 rows=24 evaluation=24 cache=False seconds=22.87
fold_1 2020-08-27 rows=24 evaluation=24 cache=False seconds=23.22
fold_1 2020-08-28 rows=24 evaluation=24 cache=False seconds=22.87
fold_1 2020-08-29 rows=24 evaluation=24 cache=False seconds=23.03
fold_1 2020-08-30 rows=24 evaluation=24 cache=False seconds=23.26
fold_1 2020-08-31 rows=24 evaluation=24 cache=False seconds=22.93
fold_1 2020-09-01 rows=24 evaluation=24 cache=False seconds=22.63
fold_1 2020-09-02 rows=24 evaluation=24 cache=False seconds=22.39
fold_1 2020-09-03 rows=24 evaluation=24 cache=False seconds=22.86
fold_1 2020-09-04 rows=24 evaluation=24 cache=False seconds=23.07
fold_1 2020-09-05 rows=24 evaluation=24 cache=False seconds=23.84
fold_1 2020-09-06 rows=24 evaluation=24 cache=False seconds=24.38
fold_1 2020-09-07 rows=24 evaluation=24 cache=False seconds=23.19
fold_1 2020-09-08 rows=24 evaluation=24 cache=False seconds=23.25
fold_1 2020-09-09 rows=24 evaluation=24 cache=False seconds=22.51
fold_1 2020-09-10 rows=24 evaluation=24 cache=False seconds=22.71
fold_1 2020-09-11 rows=24 evaluation=24 cache=False seconds=24.17
fold_1 2020-09-12 rows=24 evaluation=24 cache=False seconds=23.78
fold_1 2020-09-13 rows=24 evaluation=24 cache=False seconds=20.80
fold_1 2020-09-14 rows=24 evaluation=24 cache=False seconds=20.97
fold_1 2020-09-15 rows=24 evaluation=24 cache=False seconds=20.90
fold_1 2020-09-16 rows=24 evaluation=24 cache=False seconds=22.10
fold_1 2020-09-17 rows=24 evaluation=24 cache=False seconds=22.04
fold_1 2020-09-18 rows=24 evaluation=24 cache=False seconds=21.93
fold_1 2020-09-19 rows=24 evaluation=24 cache=False seconds=21.11
fold_1 2020-09-20 rows=24 evaluation=24 cache=False seconds=20.47
fold_1 2020-09-21 rows=24 evaluation=24 cache=False seconds=21.70
fold_1 2020-09-22 rows=24 evaluation=24 cache=False seconds=22.11
fold_1 2020-09-23 rows=24 evaluation=24 cache=False seconds=20.93
fold_1 2020-09-24 rows=24 evaluation=24 cache=False seconds=18.79
fold_1 2020-09-25 rows=24 evaluation=24 cache=False seconds=19.33
fold_1 2020-09-26 rows=24 evaluation=24 cache=False seconds=18.94
fold_1 2020-09-27 rows=24 evaluation=24 cache=False seconds=20.52
fold_1 2020-09-28 rows=24 evaluation=24 cache=False seconds=19.69
     2404.92 real      2013.59 user       620.08 sys
           653475840  maximum resident set size
                   0  average shared memory size
                   0  average unshared data size
                   0  average unshared stack size
              454863  page reclaims
                1755  page faults
                   0  swaps
                   0  block input operations
                   0  block output operations
                   1  messages sent
                   1  messages received
                   1  signals received
                1907  voluntary context switches
           190044462  involuntary context switches
           174184080  instructions retired
            67842424  cycles elapsed
            13369800  peak memory footprint
